src/lib/ai/analyze-incident.ts(83,13): error TS2322: Type '({ name: string; description: string; parameters: { type: Type; properties: { latitude: { type: Type; description: string; }; longitude: { type: Type; description: string; }; radius_km: { ...; }; origin_lat?: undefined; origin_lng?: undefined; destination_lat?: undefined; destination_lng?: undefined; }; required: st...' is not assignable to type 'FunctionDeclaration[]'.
  Type '{ name: string; description: string; parameters: { type: Type; properties: { latitude: { type: Type; description: string; }; longitude: { type: Type; description: string; }; radius_km: { ...; }; origin_lat?: undefined; origin_lng?: undefined; destination_lat?: undefined; destination_lng?: undefined; }; required: str...' is not assignable to type 'FunctionDeclaration'.
    Type '{ name: string; description: string; parameters: { type: Type; properties: { latitude: { type: Type; description: string; }; longitude: { type: Type; description: string; }; radius_km: { ...; }; origin_lat?: undefined; origin_lng?: undefined; destination_lat?: undefined; destination_lng?: undefined; }; required: str...' is not assignable to type 'FunctionDeclaration'.
      The types of 'parameters.properties' are incompatible between these types.
        Type '{ latitude: { type: Type; description: string; }; longitude: { type: Type; description: string; }; radius_km: { type: Type; description: string; }; origin_lat?: undefined; origin_lng?: undefined; destination_lat?: undefined; destination_lng?: undefined; }' is not assignable to type 'Record<string, Schema>'.
          Property 'origin_lat' is incompatible with index signature.
            Type 'undefined' is not assignable to type 'Schema'.
